<?xml version="1.0" encoding="utf-8"?><testsuites><testsuite name="pytest" errors="0" failures="0" skipped="0" tests="4" time="9.507" timestamp="2023-10-06T14:06:10.652573" hostname="delas-desktop"><testcase classname="tests.model.test_model.TestModel" name="test_model_fit" time="3.691" /><testcase classname="tests.model.test_model.TestModel" name="test_model_predict" time="0.241" /><testcase classname="tests.model.test_model.TestModel" name="test_model_preprocess_for_serving" time="0.105" /><testcase classname="tests.model.test_model.TestModel" name="test_model_preprocess_for_training" time="3.536" /></testsuite></testsuites>